$ tsx scripts/run-gates.ts doc-sync
run-gates: doc-sync running 33 gate(s) with 4 worker(s) from 12 available CPU(s), doc-sync cap 4.
run-gates: start doc-typecheck
run-gates: start documentation build
run-gates: start doc graphs
run-gates: start markdown links

== FAILED doc-typecheck (10.50s) ==
command: pnpm run doc-typecheck
outcome: exit 1
$ npm run build:lib:host && npm run doc-typecheck:contracts-ready
node:internal/modules/cjs/loader:1433
  throw err;
  ^

Error: Cannot find module 'C:\Users\XXF\Tools\node\node_modules\npm\bin\npm-prefix.js'
    at Function._resolveFilename (node:internal/modules/cjs/loader:1430:15)
    at defaultResolveImpl (node:internal/modules/cjs/loader:1040:19)
    at resolveForCJSWithHooks (node:internal/modules/cjs/loader:1045:22)
    at Function._load (node:internal/modules/cjs/loader:1216:25)
    at wrapModuleLoad (node:internal/modules/cjs/loader:254:19)
    at Function.executeUserEntryPoint [as runMain] (node:internal/modules/run_main:171:5)
    at node:internal/main/run_main_module:36:49 {
  code: 'MODULE_NOT_FOUND',
  requireStack: []
}

Node.js v22.23.0
node:internal/modules/cjs/loader:1433
  throw err;
  ^

Error: Cannot find module 'C:\Users\XXF\Tools\node\node_modules\npm\bin\npm-cli.js'
    at Function._resolveFilename (node:internal/modules/cjs/loader:1430:15)
    at defaultResolveImpl (node:internal/modules/cjs/loader:1040:19)
    at resolveForCJSWithHooks (node:internal/modules/cjs/loader:1045:22)
    at Function._load (node:internal/modules/cjs/loader:1216:25)
    at wrapModuleLoad (node:internal/modules/cjs/loader:254:19)
    at Function.executeUserEntryPoint [as runMain] (node:internal/modules/run_main:171:5)
    at node:internal/main/run_main_module:36:49 {
  code: 'MODULE_NOT_FOUND',
  requireStack: []
}

Node.js v22.23.0
[ELIFECYCLE] Command failed with exit code 1.
run-gates: start type equivalence
run-gates: PASS type equivalence (282.33s)
run-gates: start cordis catalog
run-gates: PASS markdown links (338.13s)
run-gates: start Cordis inspect catalog
run-gates: PASS Cordis inspect catalog (162.67s)
run-gates: start verify-mermaid
run-gates: PASS doc graphs (611.02s)
run-gates: start scoped events
run-gates: PASS cordis catalog (357.93s)
run-gates: start translation pairing
run-gates: PASS verify-mermaid (318.30s)
run-gates: start markdown wrap
